#
# There is insufficient memory for the Java Runtime Environment to continue.
# Native memory allocation (malloc) failed to allocate 1730272 bytes. Error detail: Chunk::new
# Possible reasons:
#   The system is out of physical RAM or swap space
#   This process is running with CompressedOops enabled, and the Java Heap may be blocking the growth of the native heap
# Possible solutions:
#   Reduce memory load on the system
#   Increase physical memory or swap space
#   Check if swap backing store is full
#   Decrease Java heap size (-Xmx/-Xms)
#   Decrease number of Java threads
#   Decrease Java thread stack sizes (-Xss)
#   Set larger code cache with -XX:ReservedCodeCacheSize=
#   JVM is running with Unscaled Compressed Oops mode in which the Java heap is
#     placed in the first 4GB address space. The Java Heap base address is the
#     maximum limit for the native heap growth. Please use -XX:HeapBaseMinAddress
#     to set the Java Heap base and to place the Java Heap above 4GB virtual address.
# This output file may be truncated or incomplete.
#
#  Out of Memory Error (arena.cpp:191), pid=9088, tid=10536
#
# JRE version: OpenJDK Runtime Environment JBR-17.0.14+1-1367.22-nomod (17.0.14+1) (build 17.0.14+1-b1367.22)
# Java VM: OpenJDK 64-Bit Server VM JBR-17.0.14+1-1367.22-nomod (17.0.14+1-b1367.22, mixed mode, sharing, tiered, compressed oops, compressed class ptrs, g1 gc, windows-amd64)
# No core dump will be written. Minidumps are not enabled by default on client versions of Windows
#

---------------  S U M M A R Y ------------

Command Line: org.jetbrains.kotlin.cli.jvm.K2JVMCompiler @C:\Users\maria\StudioProjects\Foroom\shared\build\20261003_12077370073107160114.compiler.options

Host: AMD Ryzen 3 5300U with Radeon Graphics         , 8 cores, 3G,  Windows 11 , 64 bit Build 26100 (10.0.26100.9444)
Time: Sat Oct  3 10:05:30 2026 Georgian Standard Time elapsed time: 6.712299 seconds (0d 0h 0m 6s)

---------------  T H R E A D  ---------------

Current thread (0x000001c2e4aaae10):  JavaThread "C2 CompilerThread0" daemon [_thread_in_native, id=10536, stack(0x0000008b2bc00000,0x0000008b2bd00000)]


Current CompileTask:
C2:   6712 1152       4       org.jetbrains.kotlin.cli.jvm.compiler.jarfs.FastJarHandler::getOrCreateDirectory (104 bytes)

Stack: [0x0000008b2bc00000,0x0000008b2bd00000]
Native frames: (J=compiled Java code, j=interpreted, Vv=VM code, C=native code)
V  [jvm.dll+0x68b969]
V  [jvm.dll+0x84572a]
V  [jvm.dll+0x8473ae]
V  [jvm.dll+0x847a13]
V  [jvm.dll+0x24a83f]
V  [jvm.dll+0xaca04]
V  [jvm.dll+0xad04c]
V  [jvm.dll+0x36af67]
V  [jvm.dll+0x3352ca]
V  [jvm.dll+0x33476a]
V  [jvm.dll+0x21c231]
V  [jvm.dll+0x21b671]
V  [jvm.dll+0x1a6acd]
V  [jvm.dll+0x22b58e]
V  [jvm.dll+0x2296d5]
V  [jvm.dll+0x7f9637]
V  [jvm.dll+0x7f3a1c]
V  [jvm.dll+0x68a7c7]
C  [ucrtbase.dll+0x2cd30]
C  [KERNEL32.DLL+0x2cd87]
C  [ntdll.dll+0xacaec]


---------------  P R O C E S S  ---------------

Threads class SMR info:
_java_thread_list=0x000001c2e90acb00, length=12, elements={
0x000001c2cd592fa0, 0x000001c2e4a88ee0, 0x000001c2e4a8bac0, 0x000001c2e4aa12c0,
0x000001c2e4aa38a0, 0x000001c2e4aa3e70, 0x000001c2e4aa8450, 0x000001c2e4aaae10,
0x000001c2e4aad8e0, 0x000001c2e4ab5f00, 0x000001c2e90df1f0, 0x000001c2e90e3990
}

Java Threads: ( => current thread )
  0x000001c2cd592fa0 JavaThread "main" [_thread_in_native, id=13736, stack(0x0000008b2af00000,0x0000008b2b000000)]
  0x000001c2e4a88ee0 JavaThread "Reference Handler" daemon [_thread_blocked, id=17052, stack(0x0000008b2b600000,0x0000008b2b700000)]
  0x000001c2e4a8bac0 JavaThread "Finalizer" daemon [_thread_blocked, id=12080, stack(0x0000008b2b700000,0x0000008b2b800000)]
  0x000001c2e4aa12c0 JavaThread "Signal Dispatcher" daemon [_thread_blocked, id=15792, stack(0x0000008b2b800000,0x0000008b2b900000)]
  0x000001c2e4aa38a0 JavaThread "Attach Listener" daemon [_thread_blocked, id=5012, stack(0x0000008b2b900000,0x0000008b2ba00000)]
  0x000001c2e4aa3e70 JavaThread "Service Thread" daemon [_thread_blocked, id=6956, stack(0x0000008b2ba00000,0x0000008b2bb00000)]
  0x000001c2e4aa8450 JavaThread "Monitor Deflation Thread" daemon [_thread_blocked, id=11272, stack(0x0000008b2bb00000,0x0000008b2bc00000)]
=>0x000001c2e4aaae10 JavaThread "C2 CompilerThread0" daemon [_thread_in_native, id=10536, stack(0x0000008b2bc00000,0x0000008b2bd00000)]
  0x000001c2e4aad8e0 JavaThread "C1 CompilerThread0" daemon [_thread_blocked, id=1280, stack(0x0000008b2bd00000,0x0000008b2be00000)]
  0x000001c2e4ab5f00 JavaThread "Sweeper thread" daemon [_thread_blocked, id=4036, stack(0x0000008b2be00000,0x0000008b2bf00000)]
  0x000001c2e90df1f0 JavaThread "Notification Thread" daemon [_thread_blocked, id=17768, stack(0x0000008b2bf00000,0x0000008b2c000000)]
  0x000001c2e90e3990 JavaThread "Common-Cleaner" daemon [_thread_blocked, id=15720, stack(0x0000008b2c100000,0x0000008b2c200000)]

Other Threads:
  0x000001c2e4a849a0 VMThread "VM Thread" [stack: 0x0000008b2b500000,0x0000008b2b600000] [id=8876]
  0x000001c2e90e16e0 WatcherThread [stack: 0x0000008b2c000000,0x0000008b2c100000] [id=1792]
  0x000001c2cd5cf6e0 GCTaskThread "GC Thread#0" [stack: 0x0000008b2b000000,0x0000008b2b100000] [id=17156]
  0x000001c2e961be40 GCTaskThread "GC Thread#1" [stack: 0x0000008b2c200000,0x0000008b2c300000] [id=5844]
  0x000001c2e95b7860 GCTaskThread "GC Thread#2" [stack: 0x0000008b2c300000,0x0000008b2c400000] [id=16772]
  0x000001c2e964d4d0 GCTaskThread "GC Thread#3" [stack: 0x0000008b2c400000,0x0000008b2c500000] [id=18988]
  0x000001c2e964d790 GCTaskThread "GC Thread#4" [stack: 0x0000008b2c500000,0x0000008b2c600000] [id=11508]
  0x000001c2e964da50 GCTaskThread "GC Thread#5" [stack: 0x0000008b2c600000,0x0000008b2c700000] [id=19056]
  0x000001c2e98fd850 GCTaskThread "GC Thread#6" [stack: 0x0000008b2c700000,0x0000008b2c800000] [id=2584]
  0x000001c2e9b6e7d0 GCTaskThread "GC Thread#7" [stack: 0x0000008b2c800000,0x0000008b2c900000] [id=13580]
  0x000001c2cd5d7170 ConcurrentGCThread "G1 Main Marker" [stack: 0x0000008b2b100000,0x0000008b2b200000] [id=17208]
  0x000001c2cd5d9870 ConcurrentGCThread "G1 Conc#0" [stack: 0x0000008b2b200000,0x0000008b2b300000] [id=5880]
  0x000001c2e493c0c0 ConcurrentGCThread "G1 Refine#0" [stack: 0x0000008b2b300000,0x0000008b2b400000] [id=19360]
  0x000001c2e493c3b0 ConcurrentGCThread "G1 Service" [stack: 0x0000008b2b400000,0x0000008b2b500000] [id=14904]

Threads with active compile tasks:
C2 CompilerThread0     6972 1152       4       org.jetbrains.kotlin.cli.jvm.compiler.jarfs.FastJarHandler::getOrCreateDirectory (104 bytes)

VM state: not at safepoint (normal execution)

VM Mutex/Monitor currently owned by a thread: None

Heap address: 0x00000000ca600000, size: 858 MB, Compressed Oops mode: 32-bit

CDS archive(s) mapped at: [0x000001c280000000-0x000001c280c00000-0x000001c280c00000), size 12582912, SharedBaseAddress: 0x000001c280000000, ArchiveRelocationMode: 1.
Compressed class space mapped at: 0x000001c281000000-0x000001c2c1000000, reserved size: 1073741824
Narrow klass base: 0x000001c280000000, Narrow klass shift: 0, Narrow klass range: 0x100000000

GC Precious Log:
 CPUs: 8 total, 8 available
 Memory: 3429M
 Large Page Support: Disabled
 NUMA Support: Disabled
 Compressed Oops: Enabled (32-bit)
 Heap Region Size: 1M
 Heap Min Capacity: 8M
 Heap Initial Capacity: 54M
 Heap Max Capacity: 858M
 Pre-touch: Disabled
 Parallel Workers: 8
 Concurrent Workers: 2
 Concurrent Refinement Workers: 8
 Periodic GC: Disabled

Heap:
 garbage-first heap   total 55296K, used 16090K [0x00000000ca600000, 0x0000000100000000)
  region size 1024K, 11 young (11264K), 3 survivors (3072K)
 Metaspace       used 14316K, committed 14464K, reserved 1114112K
  class space    used 1648K, committed 1728K, reserved 1048576K

Heap Regions: E=young(eden), S=young(survivor), O=old, HS=humongous(starts), HC=humongous(continues), CS=collection set, F=free, OA=open archive, CA=closed archive, TAMS=top-at-mark-start (previous, next)
|   0|0x00000000ca600000, 0x00000000ca700000, 0x00000000ca700000|100%|HS|  |TAMS 0x00000000ca600000, 0x00000000ca600000| Complete 
|   1|0x00000000ca700000, 0x00000000ca800000, 0x00000000ca800000|100%|HC|  |TAMS 0x00000000ca700000, 0x00000000ca700000| Complete 
|   2|0x00000000ca800000, 0x00000000ca900000, 0x00000000ca900000|100%|HC|  |TAMS 0x00000000ca800000, 0x00000000ca800000| Complete 
|   3|0x00000000ca900000, 0x00000000caa00000, 0x00000000caa00000|100%| O|  |TAMS 0x00000000ca900000, 0x00000000ca900000| Untracked 
|   4|0x00000000caa00000, 0x00000000caaffff8, 0x00000000cab00000| 99%| O|  |TAMS 0x00000000caa00000, 0x00000000caa00000| Untracked 
|   5|0x00000000cab00000, 0x00000000cabb6a00, 0x00000000cac00000| 71%| O|  |TAMS 0x00000000cab00000, 0x00000000cab00000| Untracked 
|   6|0x00000000cac00000, 0x00000000cac00000, 0x00000000cad00000|  0%| F|  |TAMS 0x00000000cac00000, 0x00000000cac00000| Untracked 
|   7|0x00000000cad00000, 0x00000000cad00000, 0x00000000cae00000|  0%| F|  |TAMS 0x00000000cad00000, 0x00000000cad00000| Untracked 
|   8|0x00000000cae00000, 0x00000000cae00000, 0x00000000caf00000|  0%| F|  |TAMS 0x00000000cae00000, 0x00000000cae00000| Untracked 
|   9|0x00000000caf00000, 0x00000000caf00000, 0x00000000cb000000|  0%| F|  |TAMS 0x00000000caf00000, 0x00000000caf00000| Untracked 
|  10|0x00000000cb000000, 0x00000000cb000000, 0x00000000cb100000|  0%| F|  |TAMS 0x00000000cb000000, 0x00000000cb000000| Untracked 
|  11|0x00000000cb100000, 0x00000000cb100000, 0x00000000cb200000|  0%| F|  |TAMS 0x00000000cb100000, 0x00000000cb100000| Untracked 
|  12|0x00000000cb200000, 0x00000000cb200000, 0x00000000cb300000|  0%| F|  |TAMS 0x00000000cb200000, 0x00000000cb200000| Untracked 
|  13|0x00000000cb300000, 0x00000000cb300000, 0x00000000cb400000|  0%| F|  |TAMS 0x00000000cb300000, 0x00000000cb300000| Untracked 
|  14|0x00000000cb400000, 0x00000000cb400000, 0x00000000cb500000|  0%| F|  |TAMS 0x00000000cb400000, 0x00000000cb400000| Untracked 
|  15|0x00000000cb500000, 0x00000000cb500000, 0x00000000cb600000|  0%| F|  |TAMS 0x00000000cb500000, 0x00000000cb500000| Untracked 
|  16|0x00000000cb600000, 0x00000000cb600000, 0x00000000cb700000|  0%| F|  |TAMS 0x00000000cb600000, 0x00000000cb600000| Untracked 
|  17|0x00000000cb700000, 0x00000000cb700000, 0x00000000cb800000|  0%| F|  |TAMS 0x00000000cb700000, 0x00000000cb700000| Untracked 
|  18|0x00000000cb800000, 0x00000000cb800000, 0x00000000cb900000|  0%| F|  |TAMS 0x00000000cb800000, 0x00000000cb800000| Untracked 
|  19|0x00000000cb900000, 0x00000000cb900000, 0x00000000cba00000|  0%| F|  |TAMS 0x00000000cb900000, 0x00000000cb900000| Untracked 
|  20|0x00000000cba00000, 0x00000000cba00000, 0x00000000cbb00000|  0%| F|  |TAMS 0x00000000cba00000, 0x00000000cba00000| Untracked 
|  21|0x00000000cbb00000, 0x00000000cbb00000, 0x00000000cbc00000|  0%| F|  |TAMS 0x00000000cbb00000, 0x00000000cbb00000| Untracked 
|  22|0x00000000cbc00000, 0x00000000cbc00000, 0x00000000cbd00000|  0%| F|  |TAMS 0x00000000cbc00000, 0x00000000cbc00000| Untracked 
|  23|0x00000000cbd00000, 0x00000000cbd00000, 0x00000000cbe00000|  0%| F|  |TAMS 0x00000000cbd00000, 0x00000000cbd00000| Untracked 
|  24|0x00000000cbe00000, 0x00000000cbf00000, 0x00000000cbf00000|100%| S|CS|TAMS 0x00000000cbe00000, 0x00000000cbe00000| Complete 
|  25|0x00000000cbf00000, 0x00000000cc000000, 0x00000000cc000000|100%| S|CS|TAMS 0x00000000cbf00000, 0x00000000cbf00000| Complete 
|  26|0x00000000cc000000, 0x00000000cc100000, 0x00000000cc100000|100%| S|CS|TAMS 0x00000000cc000000, 0x00000000cc000000| Complete 
|  27|0x00000000cc100000, 0x00000000cc100000, 0x00000000cc200000|  0%| F|  |TAMS 0x00000000cc100000, 0x00000000cc100000| Untracked 
|  28|0x00000000cc200000, 0x00000000cc200000, 0x00000000cc300000|  0%| F|  |TAMS 0x00000000cc200000, 0x00000000cc200000| Untracked 
|  29|0x00000000cc300000, 0x00000000cc300000, 0x00000000cc400000|  0%| F|  |TAMS 0x00000000cc300000, 0x00000000cc300000| Untracked 
|  30|0x00000000cc400000, 0x00000000cc400000, 0x00000000cc500000|  0%| F|  |TAMS 0x00000000cc400000, 0x00000000cc400000| Untracked 
|  31|0x00000000cc500000, 0x00000000cc500000, 0x00000000cc600000|  0%| F|  |TAMS 0x00000000cc500000, 0x00000000cc500000| Untracked 
|  32|0x00000000cc600000, 0x00000000cc600000, 0x00000000cc700000|  0%| F|  |TAMS 0x00000000cc600000, 0x00000000cc600000| Untracked 
|  33|0x00000000cc700000, 0x00000000cc700000, 0x00000000cc800000|  0%| F|  |TAMS 0x00000000cc700000, 0x00000000cc700000| Untracked 
|  34|0x00000000cc800000, 0x00000000cc800000, 0x00000000cc900000|  0%| F|  |TAMS 0x00000000cc800000, 0x00000000cc800000| Untracked 
|  35|0x00000000cc900000, 0x00000000cc900000, 0x00000000cca00000|  0%| F|  |TAMS 0x00000000cc900000, 0x00000000cc900000| Untracked 
|  36|0x00000000cca00000, 0x00000000cca00000, 0x00000000ccb00000|  0%| F|  |TAMS 0x00000000cca00000, 0x00000000cca00000| Untracked 
|  37|0x00000000ccb00000, 0x00000000ccb00000, 0x00000000ccc00000|  0%| F|  |TAMS 0x00000000ccb00000, 0x00000000ccb00000| Untracked 
|  38|0x00000000ccc00000, 0x00000000ccc00000, 0x00000000ccd00000|  0%| F|  |TAMS 0x00000000ccc00000, 0x00000000ccc00000| Untracked 
|  39|0x00000000ccd00000, 0x00000000ccd00000, 0x00000000cce00000|  0%| F|  |TAMS 0x00000000ccd00000, 0x00000000ccd00000| Untracked 
|  40|0x00000000cce00000, 0x00000000cce00000, 0x00000000ccf00000|  0%| F|  |TAMS 0x00000000cce00000, 0x00000000cce00000| Untracked 
|  41|0x00000000ccf00000, 0x00000000ccf00000, 0x00000000cd000000|  0%| F|  |TAMS 0x00000000ccf00000, 0x00000000ccf00000| Untracked 
|  42|0x00000000cd000000, 0x00000000cd000000, 0x00000000cd100000|  0%| F|  |TAMS 0x00000000cd000000, 0x00000000cd000000| Untracked 
|  43|0x00000000cd100000, 0x00000000cd100000, 0x00000000cd200000|  0%| F|  |TAMS 0x00000000cd100000, 0x00000000cd100000| Untracked 
|  44|0x00000000cd200000, 0x00000000cd200000, 0x00000000cd300000|  0%| F|  |TAMS 0x00000000cd200000, 0x00000000cd200000| Untracked 
|  45|0x00000000cd300000, 0x00000000cd300000, 0x00000000cd400000|  0%| F|  |TAMS 0x00000000cd300000, 0x00000000cd300000| Untracked 
|  46|0x00000000cd400000, 0x00000000cd500000, 0x00000000cd500000|100%| E|  |TAMS 0x00000000cd400000, 0x00000000cd400000| Complete 
|  47|0x00000000cd500000, 0x00000000cd600000, 0x00000000cd600000|100%| E|CS|TAMS 0x00000000cd500000, 0x00000000cd500000| Complete 
|  48|0x00000000cd600000, 0x00000000cd700000, 0x00000000cd700000|100%| E|CS|TAMS 0x00000000cd600000, 0x00000000cd600000| Complete 
|  49|0x00000000cd700000, 0x00000000cd800000, 0x00000000cd800000|100%| E|CS|TAMS 0x00000000cd700000, 0x00000000cd700000| Complete 
|  50|0x00000000cd800000, 0x00000000cd900000, 0x00000000cd900000|100%| E|CS|TAMS 0x00000000cd800000, 0x00000000cd800000| Complete 
|  51|0x00000000cd900000, 0x00000000cda00000, 0x00000000cda00000|100%| E|CS|TAMS 0x00000000cd900000, 0x00000000cd900000| Complete 
|  52|0x00000000cda00000, 0x00000000cdb00000, 0x00000000cdb00000|100%| E|CS|TAMS 0x00000000cda00000, 0x00000000cda00000| Complete 
|  53|0x00000000cdb00000, 0x00000000cdc00000, 0x00000000cdc00000|100%| E|CS|TAMS 0x00000000cdb00000, 0x00000000cdb00000| Complete 

Card table byte_map: [0x000001c2e0260000,0x000001c2e0410000] _byte_map_base: 0x000001c2dfc0d000

Marking Bits (Prev, Next): (CMBitMap*) 0x000001c2cd5cfd00, (CMBitMap*) 0x000001c2cd5cfd40
 Prev Bits: [0x000001c2e05c0000, 0x000001c2e1328000)
 Next Bits: [0x000001c2e1330000, 0x000001c2e2098000)

Polling page: 0x000001c2cb450000

Metaspace:

Usage:
  Non-class:     12.37 MB used.
      Class:      1.61 MB used.
       Both:     13.98 MB used.

Virtual space:
  Non-class space:       64.00 MB reserved,      12.44 MB ( 19%) committed,  1 nodes.
      Class space:        1.00 GB reserved,       1.69 MB ( <1%) committed,  1 nodes.
             Both:        1.06 GB reserved,      14.12 MB (  1%) committed. 

Chunk freelists:
   Non-Class:  1.44 MB
       Class:  14.27 MB
        Both:  15.70 MB

MaxMetaspaceSize: unlimited
CompressedClassSpaceSize: 1.00 GB
Initial GC threshold: 21.00 MB
Current GC threshold: 21.00 MB
CDS: on
MetaspaceReclaimPolicy: balanced
 - commit_granule_bytes: 65536.
 - commit_granule_words: 8192.
 - virtual_space_node_default_size: 8388608.
 - enlarge_chunks_in_place: 1.
 - new_chunks_are_fully_committed: 0.
 - uncommit_free_chunks: 1.
 - use_allocation_guard: 0.
 - handle_deallocations: 1.


Internal statistics:

num_allocs_failed_limit: 0.
num_arena_births: 132.
num_arena_deaths: 0.
num_vsnodes_births: 2.
num_vsnodes_deaths: 0.
num_space_committed: 226.
num_space_uncommitted: 0.
num_chunks_returned_to_freelist: 0.
num_chunks_taken_from_freelist: 634.
num_chunk_merges: 0.
num_chunk_splits: 467.
num_chunks_enlarged: 403.
num_inconsistent_stats: 0.

CodeHeap 'non-profiled nmethods': size=120000Kb used=463Kb max_used=463Kb free=119537Kb
 bounds [0x000001c2d8850000, 0x000001c2d8ac0000, 0x000001c2dfd80000]
CodeHeap 'profiled nmethods': size=120000Kb used=2009Kb max_used=2009Kb free=117990Kb
 bounds [0x000001c2d0d80000, 0x000001c2d0ff0000, 0x000001c2d82b0000]
CodeHeap 'non-nmethods': size=5760Kb used=1190Kb max_used=1236Kb free=4569Kb
 bounds [0x000001c2d82b0000, 0x000001c2d8520000, 0x000001c2d8850000]
 total_blobs=1665 nmethods=1174 adapters=404
 compilation: enabled
              stopped_count=0, restarted_count=0
 full_count=0

Compilation events (20 events):
Event: 6.476 Thread 0x000001c2e4aad8e0 1171       3       java.io.File::<init> (47 bytes)
Event: 6.477 Thread 0x000001c2e4aad8e0 nmethod 1171 0x000001c2d0f66210 code [0x000001c2d0f663e0, 0x000001c2d0f66788]
Event: 6.477 Thread 0x000001c2e4aad8e0 1173       3       java.lang.String::valueOf (15 bytes)
Event: 6.477 Thread 0x000001c2e4aad8e0 nmethod 1173 0x000001c2d0f66910 code [0x000001c2d0f66ac0, 0x000001c2d0f66cc8]
Event: 6.477 Thread 0x000001c2e4aad8e0 1172       3       java.lang.String::substring (10 bytes)
Event: 6.478 Thread 0x000001c2e4aad8e0 nmethod 1172 0x000001c2d0f66d90 code [0x000001c2d0f66f40, 0x000001c2d0f67188]
Event: 6.478 Thread 0x000001c2e4aad8e0 1174       3       java.lang.StringBuilder::append (6 bytes)
Event: 6.478 Thread 0x000001c2e4aad8e0 nmethod 1174 0x000001c2d0f67290 code [0x000001c2d0f67440, 0x000001c2d0f675e8]
Event: 6.489 Thread 0x000001c2e4aad8e0 1175       3       kotlin.text.StringsKt__StringsKt::indexOf (57 bytes)
Event: 6.491 Thread 0x000001c2e4aad8e0 nmethod 1175 0x000001c2d0f67690 code [0x000001c2d0f67960, 0x000001c2d0f687a8]
Event: 6.491 Thread 0x000001c2e4aad8e0 1177       3       java.lang.StringBuilder::append (6 bytes)
Event: 6.492 Thread 0x000001c2e4aad8e0 nmethod 1177 0x000001c2d0f68c10 code [0x000001c2d0f68dc0, 0x000001c2d0f68f68]
Event: 6.513 Thread 0x000001c2e4aad8e0 1178       3       java.io.File::isInvalid (47 bytes)
Event: 6.513 Thread 0x000001c2e4aad8e0 nmethod 1178 0x000001c2d0f69010 code [0x000001c2d0f691c0, 0x000001c2d0f69488]
Event: 6.517 Thread 0x000001c2e4aad8e0 1179       3       java.util.TreeMap::parentOf (13 bytes)
Event: 6.517 Thread 0x000001c2e4aad8e0 nmethod 1179 0x000001c2d0f69510 code [0x000001c2d0f696a0, 0x000001c2d0f69818]
Event: 6.580 Thread 0x000001c2e4aad8e0 1180       3       java.io.File::toString (5 bytes)
Event: 6.580 Thread 0x000001c2e4aad8e0 nmethod 1180 0x000001c2d0f69910 code [0x000001c2d0f69aa0, 0x000001c2d0f69bd8]
Event: 6.699 Thread 0x000001c2e4aad8e0 1181       3       java.lang.String::subSequence (7 bytes)
Event: 6.699 Thread 0x000001c2e4aad8e0 nmethod 1181 0x000001c2d0f69c90 code [0x000001c2d0f69e20, 0x000001c2d0f69f68]

GC Heap History (4 events):
Event: 2.886 GC heap before
{Heap before GC invocations=0 (full 0):
 garbage-first heap   total 55296K, used 26624K [0x00000000ca600000, 0x0000000100000000)
  region size 1024K, 23 young (23552K), 0 survivors (0K)
 Metaspace       used 7282K, committed 7424K, reserved 1114112K
  class space    used 783K, committed 832K, reserved 1048576K
}
Event: 2.902 GC heap after
{Heap after GC invocations=1 (full 0):
 garbage-first heap   total 55296K, used 5931K [0x00000000ca600000, 0x0000000100000000)
  region size 1024K, 3 young (3072K), 3 survivors (3072K)
 Metaspace       used 7282K, committed 7424K, reserved 1114112K
  class space    used 783K, committed 832K, reserved 1048576K
}
Event: 4.770 GC heap before
{Heap before GC invocations=1 (full 0):
 garbage-first heap   total 55296K, used 29483K [0x00000000ca600000, 0x0000000100000000)
  region size 1024K, 27 young (27648K), 3 survivors (3072K)
 Metaspace       used 13747K, committed 13888K, reserved 1114112K
  class space    used 1580K, committed 1664K, reserved 1048576K
}
Event: 4.793 GC heap after
{Heap after GC invocations=2 (full 0):
 garbage-first heap   total 55296K, used 8922K [0x00000000ca600000, 0x0000000100000000)
  region size 1024K, 3 young (3072K), 3 survivors (3072K)
 Metaspace       used 13747K, committed 13888K, reserved 1114112K
  class space    used 1580K, committed 1664K, reserved 1048576K
}

Dll operation events (3 events):
Event: 0.029 Loaded shared library C:\Users\maria\.jdks\jbr-17.0.14\bin\java.dll
Event: 0.111 Loaded shared library C:\Users\maria\.jdks\jbr-17.0.14\bin\jsvml.dll
Event: 6.446 Loaded shared library C:\Users\maria\.jdks\jbr-17.0.14\bin\verify.dll

Deoptimization events (20 events):
Event: 4.534 Thread 0x000001c2cd592fa0 Uncommon trap: trap_request=0xffffffde fr.pc=0x000001c2d886cc24 relative=0x00000000000001a4
Event: 4.534 Thread 0x000001c2cd592fa0 Uncommon trap: reason=class_check action=maybe_recompile pc=0x000001c2d886cc24 method=java.lang.String.equals(Ljava/lang/Object;)Z @ 8 c2
Event: 4.534 Thread 0x000001c2cd592fa0 DEOPT PACKING pc=0x000001c2d886cc24 sp=0x0000008b2affe3f0
Event: 4.534 Thread 0x000001c2cd592fa0 DEOPT UNPACKING pc=0x000001c2d83069a3 sp=0x0000008b2affe388 mode 2
Event: 4.534 Thread 0x000001c2cd592fa0 Uncommon trap: trap_request=0xffffffde fr.pc=0x000001c2d886cc24 relative=0x00000000000001a4
Event: 4.534 Thread 0x000001c2cd592fa0 Uncommon trap: reason=class_check action=maybe_recompile pc=0x000001c2d886cc24 method=java.lang.String.equals(Ljava/lang/Object;)Z @ 8 c2
Event: 4.534 Thread 0x000001c2cd592fa0 DEOPT PACKING pc=0x000001c2d886cc24 sp=0x0000008b2affe3f0
Event: 4.534 Thread 0x000001c2cd592fa0 DEOPT UNPACKING pc=0x000001c2d83069a3 sp=0x0000008b2affe388 mode 2
Event: 4.585 Thread 0x000001c2cd592fa0 Uncommon trap: trap_request=0xffffff5c fr.pc=0x000001c2d88a706c relative=0x000000000000006c
Event: 4.585 Thread 0x000001c2cd592fa0 Uncommon trap: reason=speculate_null_check action=make_not_entrant pc=0x000001c2d88a706c method=jdk.internal.misc.Unsafe.getShortUnaligned(Ljava/lang/Object;JZ)S @ 5 c2
Event: 4.585 Thread 0x000001c2cd592fa0 DEOPT PACKING pc=0x000001c2d88a706c sp=0x0000008b2affe180
Event: 4.585 Thread 0x000001c2cd592fa0 DEOPT UNPACKING pc=0x000001c2d83069a3 sp=0x0000008b2affe0d8 mode 2
Event: 4.723 Thread 0x000001c2cd592fa0 DEOPT PACKING pc=0x000001c2d0f541fd sp=0x0000008b2affe350
Event: 4.723 Thread 0x000001c2cd592fa0 DEOPT UNPACKING pc=0x000001c2d8307143 sp=0x0000008b2affd8b8 mode 0
Event: 4.740 Thread 0x000001c2cd592fa0 DEOPT PACKING pc=0x000001c2d0f541fd sp=0x0000008b2affe350
Event: 4.740 Thread 0x000001c2cd592fa0 DEOPT UNPACKING pc=0x000001c2d8307143 sp=0x0000008b2affd8b8 mode 0
Event: 4.740 Thread 0x000001c2cd592fa0 Uncommon trap: trap_request=0xffffff45 fr.pc=0x000001c2d88ab76c relative=0x0000000000000bcc
Event: 4.740 Thread 0x000001c2cd592fa0 Uncommon trap: reason=unstable_if action=reinterpret pc=0x000001c2d88ab76c method=org.jetbrains.kotlin.cli.jvm.compiler.jarfs.ZipImplementationKt.parseCentralDirectory(Ljava/nio/MappedByteBuffer;)Ljava/util/List; @ 442 c2
Event: 4.740 Thread 0x000001c2cd592fa0 DEOPT PACKING pc=0x000001c2d88ab76c sp=0x0000008b2affe450
Event: 4.740 Thread 0x000001c2cd592fa0 DEOPT UNPACKING pc=0x000001c2d83069a3 sp=0x0000008b2affe3c0 mode 2

Classes loaded (20 events):
Event: 4.542 Loading class jdk/internal/misc/ScopedMemoryAccess$Scope
Event: 4.543 Loading class jdk/internal/misc/ScopedMemoryAccess$Scope done
Event: 5.111 Loading class java/util/concurrent/locks/ReentrantReadWriteLock
Event: 5.112 Loading class java/util/concurrent/locks/ReadWriteLock
Event: 5.114 Loading class java/util/concurrent/locks/ReadWriteLock done
Event: 5.114 Loading class java/util/concurrent/locks/ReentrantReadWriteLock done
Event: 5.114 Loading class java/util/concurrent/locks/ReentrantReadWriteLock$NonfairSync
Event: 5.114 Loading class java/util/concurrent/locks/ReentrantReadWriteLock$Sync
Event: 5.115 Loading class java/util/concurrent/locks/ReentrantReadWriteLock$Sync done
Event: 5.115 Loading class java/util/concurrent/locks/ReentrantReadWriteLock$NonfairSync done
Event: 5.115 Loading class java/util/concurrent/locks/ReentrantReadWriteLock$Sync$ThreadLocalHoldCounter
Event: 5.115 Loading class java/util/concurrent/locks/ReentrantReadWriteLock$Sync$ThreadLocalHoldCounter done
Event: 5.115 Loading class java/util/concurrent/locks/ReentrantReadWriteLock$ReadLock
Event: 5.116 Loading class java/util/concurrent/locks/ReentrantReadWriteLock$ReadLock done
Event: 5.116 Loading class java/util/concurrent/locks/ReentrantReadWriteLock$WriteLock
Event: 5.116 Loading class java/util/concurrent/locks/ReentrantReadWriteLock$WriteLock done
Event: 6.245 Loading class java/net/MalformedURLException
Event: 6.260 Loading class java/net/MalformedURLException done
Event: 6.267 Loading class java/nio/file/InvalidPathException
Event: 6.268 Loading class java/nio/file/InvalidPathException done

Classes unloaded (0 events):
No events

Classes redefined (0 events):
No events

Internal exceptions (20 events):
Event: 3.178 Thread 0x000001c2cd592fa0 Exception <a 'java/lang/NoSuchMethodError'{0x00000000cd88abe8}: 'int java.lang.invoke.DirectMethodHandle$Holder.invokeStaticInit(java.lang.Object, java.lang.Object, java.lang.Object, java.lang.Object)'> (0x00000000cd88abe8) 
thrown [s\src\hotspot\share\interpreter\linkResolver.cpp, line 771]
Event: 3.283 Thread 0x000001c2cd592fa0 Exception <a 'java/lang/NoSuchMethodError'{0x00000000cd645cf8}: 'long java.lang.invoke.Invokers$Holder.invoke_MT(java.lang.Object, java.lang.Object, java.lang.Object, java.lang.Object)'> (0x00000000cd645cf8) 
thrown [s\src\hotspot\share\interpreter\linkResolver.cpp, line 771]
Event: 3.292 Thread 0x000001c2cd592fa0 Exception <a 'java/lang/NoSuchMethodError'{0x00000000cd651388}: 'int java.lang.invoke.DirectMethodHandle$Holder.invokeSpecial(java.lang.Object, java.lang.Object, java.lang.Object)'> (0x00000000cd651388) 
thrown [s\src\hotspot\share\interpreter\linkResolver.cpp, line 771]
Event: 3.293 Thread 0x000001c2cd592fa0 Exception <a 'java/lang/NoSuchMethodError'{0x00000000cd655078}: 'int java.lang.invoke.DirectMethodHandle$Holder.invokeSpecial(java.lang.Object, java.lang.Object, java.lang.Object, java.lang.Object)'> (0x00000000cd655078) 
thrown [s\src\hotspot\share\interpreter\linkResolver.cpp, line 771]
Event: 3.296 Thread 0x000001c2cd592fa0 Exception <a 'java/lang/NoSuchMethodError'{0x00000000cd6586e0}: 'int java.lang.invoke.Invokers$Holder.invoke_MT(java.lang.Object, java.lang.Object, java.lang.Object, java.lang.Object)'> (0x00000000cd6586e0) 
thrown [s\src\hotspot\share\interpreter\linkResolver.cpp, line 771]
Event: 3.302 Thread 0x000001c2cd592fa0 Exception <a 'java/lang/NoSuchMethodError'{0x00000000cd667c68}: 'void java.lang.invoke.DelegatingMethodHandle$Holder.reinvoke_L(java.lang.Object, java.lang.Object, java.lang.Object, long, java.lang.Object)'> (0x00000000cd667c68) 
thrown [s\src\hotspot\share\interpreter\linkResolver.cpp, line 771]
Event: 3.306 Thread 0x000001c2cd592fa0 Exception <a 'java/lang/NoSuchMethodError'{0x00000000cd66f8a0}: 'java.lang.Object java.lang.invoke.DirectMethodHandle$Holder.invokeSpecial(java.lang.Object, java.lang.Object, java.lang.Object, java.lang.Object, long)'> (0x00000000cd66f8a0) 
thrown [s\src\hotspot\share\interpreter\linkResolver.cpp, line 771]
Event: 3.315 Thread 0x000001c2cd592fa0 Exception <a 'java/lang/NoSuchMethodError'{0x00000000cd67eea0}: 'int java.lang.invoke.DelegatingMethodHandle$Holder.reinvoke_L(java.lang.Object, java.lang.Object, java.lang.Object, long, java.lang.Object, java.lang.Object)'> (0x00000000cd67eea0) 
thrown [s\src\hotspot\share\interpreter\linkResolver.cpp, line 771]
Event: 3.327 Thread 0x000001c2cd592fa0 Exception <a 'java/lang/NoSuchMethodError'{0x00000000cd68da30}: 'int java.lang.invoke.DelegatingMethodHandle$Holder.reinvoke_L(java.lang.Object, java.lang.Object, java.lang.Object, long, int, int)'> (0x00000000cd68da30) 
thrown [s\src\hotspot\share\interpreter\linkResolver.cpp, line 771]
Event: 3.334 Thread 0x000001c2cd592fa0 Exception <a 'java/lang/NoSuchMethodError'{0x00000000cd69c368}: 'int java.lang.invoke.DelegatingMethodHandle$Holder.reinvoke_L(java.lang.Object, java.lang.Object, java.lang.Object, long, long, long)'> (0x00000000cd69c368) 
thrown [s\src\hotspot\share\interpreter\linkResolver.cpp, line 771]
Event: 3.339 Thread 0x000001c2cd592fa0 Exception <a 'java/lang/NoSuchMethodError'{0x00000000cd6aa980}: 'int java.lang.invoke.DelegatingMethodHandle$Holder.reinvoke_L(java.lang.Object, java.lang.Object, java.lang.Object, long, int)'> (0x00000000cd6aa980) 
thrown [s\src\hotspot\share\interpreter\linkResolver.cpp, line 771]
Event: 3.390 Thread 0x000001c2cd592fa0 Exception <a 'java/lang/NoSuchMethodError'{0x00000000cd553d00}: 'int java.lang.invoke.DirectMethodHandle$Holder.invokeStaticInit(java.lang.Object, java.lang.Object, java.lang.Object)'> (0x00000000cd553d00) 
thrown [s\src\hotspot\share\interpreter\linkResolver.cpp, line 771]
Event: 3.405 Thread 0x000001c2cd592fa0 Exception <a 'java/lang/NoSuchMethodError'{0x00000000cd57caa0}: 'int java.lang.invoke.DirectMethodHandle$Holder.invokeStaticInit(java.lang.Object, java.lang.Object)'> (0x00000000cd57caa0) 
thrown [s\src\hotspot\share\interpreter\linkResolver.cpp, line 771]
Event: 3.493 Thread 0x000001c2cd592fa0 Exception <a 'java/lang/NoSuchMethodError'{0x00000000cd45bfe8}: 'void java.lang.invoke.DirectMethodHandle$Holder.invokeSpecial(java.lang.Object, java.lang.Object, java.lang.Object)'> (0x00000000cd45bfe8) 
thrown [s\src\hotspot\share\interpreter\linkResolver.cpp, line 771]
Event: 3.796 Thread 0x000001c2cd592fa0 Exception <a 'java/lang/NoSuchMethodError'{0x00000000cd185d10}: 'void java.lang.invoke.DirectMethodHandle$Holder.invokeStatic(java.lang.Object, java.lang.Object, java.lang.Object, java.lang.Object)'> (0x00000000cd185d10) 
thrown [s\src\hotspot\share\interpreter\linkResolver.cpp, line 771]
Event: 4.021 Thread 0x000001c2cd592fa0 Exception <a 'java/lang/NoSuchMethodError'{0x00000000ccd55500}: 'void java.lang.invoke.DirectMethodHandle$Holder.invokeStaticInit(java.lang.Object, java.lang.Object)'> (0x00000000ccd55500) 
thrown [s\src\hotspot\share\interpreter\linkResolver.cpp, line 771]
Event: 4.432 Thread 0x000001c2cd592fa0 Exception <a 'java/lang/NoSuchMethodError'{0x00000000cc86d478}: 'void java.lang.invoke.DirectMethodHandle$Holder.invokeVirtual(java.lang.Object, java.lang.Object)'> (0x00000000cc86d478) 
thrown [s\src\hotspot\share\interpreter\linkResolver.cpp, line 771]
Event: 4.466 Thread 0x000001c2cd592fa0 Exception <a 'java/lang/NoSuchMethodError'{0x00000000cc8c2ed0}: 'int java.lang.invoke.DirectMethodHandle$Holder.invokeVirtual(java.lang.Object, java.lang.Object)'> (0x00000000cc8c2ed0) 
thrown [s\src\hotspot\share\interpreter\linkResolver.cpp, line 771]
Event: 4.500 Thread 0x000001c2cd592fa0 Exception <a 'java/lang/NoSuchMethodError'{0x00000000cc8f55f0}: 'java.lang.Object java.lang.invoke.Invokers$Holder.invoke_MT(java.lang.Object, java.lang.Object, java.lang.Object)'> (0x00000000cc8f55f0) 
thrown [s\src\hotspot\share\interpreter\linkResolver.cpp, line 771]
Event: 5.692 Thread 0x000001c2cd592fa0 Exception <a 'java/lang/NoSuchMethodError'{0x00000000cd5ab2c0}: 'java.lang.Object java.lang.invoke.DirectMethodHandle$Holder.newInvokeSpecial(java.lang.Object, int, java.lang.Object, java.lang.Object, java.lang.Object, java.lang.Object)'> (0x00000000cd5ab2c0) 
thrown [s\src\hotspot\share\interpreter\linkResolver.cpp, line 771]

VM Operations (16 events):
Event: 0.516 Executing VM operation: HandshakeAllThreads
Event: 0.516 Executing VM operation: HandshakeAllThreads done
Event: 1.504 Executing VM operation: HandshakeAllThreads
Event: 1.504 Executing VM operation: HandshakeAllThreads done
Event: 1.504 Executing VM operation: Cleanup
Event: 1.504 Executing VM operation: Cleanup done
Event: 1.978 Executing VM operation: HandshakeAllThreads
Event: 1.978 Executing VM operation: HandshakeAllThreads done
Event: 2.883 Executing VM operation: G1CollectForAllocation
Event: 2.902 Executing VM operation: G1CollectForAllocation done
Event: 3.916 Executing VM operation: Cleanup
Event: 3.916 Executing VM operation: Cleanup done
Event: 4.770 Executing VM operation: G1CollectForAllocation
Event: 4.793 Executing VM operation: G1CollectForAllocation done
Event: 5.799 Executing VM operation: Cleanup
Event: 5.815 Executing VM operation: Cleanup done

Memory protections (0 events):
No events

Nmethod flushes (0 events):
No events

Events (16 events):
Event: 0.114 Thread 0x000001c2cd592fa0 Thread added: 0x000001c2cd592fa0
Event: 0.125 Thread 0x000001c2cd592fa0 Thread added: 0x000001c2e4a88ee0
Event: 0.126 Thread 0x000001c2cd592fa0 Thread added: 0x000001c2e4a8bac0
Event: 0.187 Thread 0x000001c2cd592fa0 Thread added: 0x000001c2e4aa12c0
Event: 0.188 Thread 0x000001c2cd592fa0 Thread added: 0x000001c2e4aa38a0
Event: 0.188 Thread 0x000001c2cd592fa0 Thread added: 0x000001c2e4aa3e70
Event: 0.188 Thread 0x000001c2cd592fa0 Thread added: 0x000001c2e4aa8450
Event: 0.191 Thread 0x000001c2cd592fa0 Thread added: 0x000001c2e4aaae10
Event: 0.192 Thread 0x000001c2cd592fa0 Thread added: 0x000001c2e4aad8e0
Event: 0.192 Thread 0x000001c2cd592fa0 Thread added: 0x000001c2e4ab5f00
Event: 0.288 Thread 0x000001c2cd592fa0 Thread added: 0x000001c2e90df1f0
Event: 0.296 Thread 0x000001c2cd592fa0 Thread added: 0x000001c2e90e3990
Event: 0.322 Loaded shared library C:\Users\maria\.jdks\jbr-17.0.14\bin\net.dll
Event: 0.333 Loaded shared library C:\Users\maria\.jdks\jbr-17.0.14\bin\nio.dll
Event: 0.512 Loaded shared library C:\Users\maria\.jdks\jbr-17.0.14\bin\zip.dll
Event: 0.646 Loaded shared library C:\Users\maria\.jdks\jbr-17.0.14\bin\jimage.dll


Dynamic libraries:
0x00007ff6d4fa0000 - 0x00007ff6d4faa000 	C:\Users\maria\.jdks\jbr-17.0.14\bin\java.exe
0x00007ff8823e0000 - 0x00007ff882647000 	C:\WINDOWS\SYSTEM32\ntdll.dll
0x00007ff880f00000 - 0x00007ff880fcb000 	C:\WINDOWS\System32\KERNEL32.DLL
0x00007ff87fcf0000 - 0x00007ff8800f2000 	C:\WINDOWS\System32\KERNELBASE.dll
0x00007ff87f8f0000 - 0x00007ff87fa3c000 	C:\WINDOWS\System32\ucrtbase.dll
0x00007ff85ee00000 - 0x00007ff85ee17000 	C:\Users\maria\.jdks\jbr-17.0.14\bin\jli.dll
0x00007ff860fc0000 - 0x00007ff860fdb000 	C:\Users\maria\.jdks\jbr-17.0.14\bin\VCRUNTIME140.dll
0x00007ff880650000 - 0x00007ff88081f000 	C:\WINDOWS\System32\USER32.dll
0x00007ff86a7e0000 - 0x00007ff86aa70000 	C:\WINDOWS\WinSxS\amd64_microsoft.windows.common-controls_6595b64144ccf1df_6.0.26100.9278_none_3e0d1ba8e3303201\COMCTL32.dll
0x00007ff87f670000 - 0x00007ff87f697000 	C:\WINDOWS\System32\win32u.dll
0x00007ff8805a0000 - 0x00007ff880649000 	C:\WINDOWS\System32\msvcrt.dll
0x00007ff880e20000 - 0x00007ff880e4b000 	C:\WINDOWS\System32\GDI32.dll
0x00007ff87fa50000 - 0x00007ff87fb79000 	C:\WINDOWS\System32\gdi32full.dll
0x00007ff87fc40000 - 0x00007ff87fce3000 	C:\WINDOWS\System32\msvcp_win.dll
0x00007ff8822e0000 - 0x00007ff882311000 	C:\WINDOWS\System32\IMM32.DLL
0x00007ff86b050000 - 0x00007ff86b05c000 	C:\Users\maria\.jdks\jbr-17.0.14\bin\vcruntime140_1.dll
0x00007ff84cc50000 - 0x00007ff84ccdd000 	C:\Users\maria\.jdks\jbr-17.0.14\bin\msvcp140.dll
0x00007fffc6410000 - 0x00007fffc709e000 	C:\Users\maria\.jdks\jbr-17.0.14\bin\server\jvm.dll
0x00007ff881810000 - 0x00007ff8818cc000 	C:\WINDOWS\System32\ADVAPI32.dll
0x00007ff880380000 - 0x00007ff880429000 	C:\WINDOWS\System32\sechost.dll
0x00007ff880240000 - 0x00007ff880358000 	C:\WINDOWS\System32\RPCRT4.dll
0x00007ff880e50000 - 0x00007ff880ed0000 	C:\WINDOWS\System32\WS2_32.dll
0x00007ff87f460000 - 0x00007ff87f4be000 	C:\WINDOWS\SYSTEM32\POWRPROF.dll
0x00007ff877600000 - 0x00007ff87760b000 	C:\WINDOWS\SYSTEM32\VERSION.dll
0x00007ff875970000 - 0x00007ff8759a6000 	C:\WINDOWS\SYSTEM32\WINMM.dll
0x00007ff87f440000 - 0x00007ff87f455000 	C:\WINDOWS\SYSTEM32\UMPDC.dll
0x00007ff87e270000 - 0x00007ff87e28b000 	C:\WINDOWS\SYSTEM32\kernel.appcore.dll
0x00007ff85f0e0000 - 0x00007ff85f0ea000 	C:\Users\maria\.jdks\jbr-17.0.14\bin\jimage.dll
0x00007ff87cc10000 - 0x00007ff87ce5c000 	C:\WINDOWS\SYSTEM32\DBGHELP.DLL
0x00007ff881480000 - 0x00007ff881805000 	C:\WINDOWS\System32\combase.dll
0x00007ff881960000 - 0x00007ff881a39000 	C:\WINDOWS\System32\OLEAUT32.dll
0x00007ff866bf0000 - 0x00007ff866c2b000 	C:\WINDOWS\SYSTEM32\dbgcore.DLL
0x00007ff87f6a0000 - 0x00007ff87f74c000 	C:\WINDOWS\System32\bcryptPrimitives.dll
0x00007ff84d580000 - 0x00007ff84d5a5000 	C:\Users\maria\.jdks\jbr-17.0.14\bin\java.dll
0x00007ff84cb70000 - 0x00007ff84cc47000 	C:\Users\maria\.jdks\jbr-17.0.14\bin\jsvml.dll
0x00007ff881a40000 - 0x00007ff8821d8000 	C:\WINDOWS\System32\SHELL32.dll
0x00007ff87d020000 - 0x00007ff87d8ce000 	C:\WINDOWS\SYSTEM32\windows.storage.dll
0x00007ff880fd0000 - 0x00007ff8810cb000 	C:\WINDOWS\System32\SHCORE.dll
0x00007ff8818f0000 - 0x00007ff881956000 	C:\WINDOWS\System32\shlwapi.dll
0x00007ff87f500000 - 0x00007ff87f529000 	C:\WINDOWS\SYSTEM32\profapi.dll
0x00007ff85e7a0000 - 0x00007ff85e7b8000 	C:\Users\maria\.jdks\jbr-17.0.14\bin\zip.dll
0x00007ff84cb50000 - 0x00007ff84cb69000 	C:\Users\maria\.jdks\jbr-17.0.14\bin\net.dll
0x00007ff875f00000 - 0x00007ff87602a000 	C:\WINDOWS\SYSTEM32\WINHTTP.dll
0x00007ff87e810000 - 0x00007ff87e87c000 	C:\WINDOWS\system32\mswsock.dll
0x00007ff84cb30000 - 0x00007ff84cb46000 	C:\Users\maria\.jdks\jbr-17.0.14\bin\nio.dll
0x00007ff85d1d0000 - 0x00007ff85d1e0000 	C:\Users\maria\.jdks\jbr-17.0.14\bin\verify.dll

dbghelp: loaded successfully - version: 4.0.5 - missing functions: none
symbol engine: initialized successfully - sym options: 0x614 - pdb path: .;C:\Users\maria\.jdks\jbr-17.0.14\bin;C:\WINDOWS\SYSTEM32;C:\WINDOWS\WinSxS\amd64_microsoft.windows.common-controls_6595b64144ccf1df_6.0.26100.9278_none_3e0d1ba8e3303201;C:\Users\maria\.jdks\jbr-17.0.14\bin\server

VM Arguments:
java_command: org.jetbrains.kotlin.cli.jvm.K2JVMCompiler @C:\Users\maria\StudioProjects\Foroom\shared\build\20261003_12077370073107160114.compiler.options
java_class_path (initial): C:\Users\maria\.gradle\caches\modules-2\files-2.1\org.jetbrains.kotlin\kotlin-compiler-embeddable\2.0.0\1de310de3446414381282ffc46c3ed3919a4d1da\kotlin-compiler-embeddable-2.0.0.jar;C:\Users\maria\.gradle\caches\modules-2\files-2.1\org.jetbrains.kotlin\kotlin-stdlib\2.0.0\b48df2c4aede9586cc931ead433bc02d6fd7879e\kotlin-stdlib-2.0.0.jar;C:\Users\maria\.gradle\caches\modules-2\files-2.1\org.jetbrains.kotlin\kotlin-script-runtime\2.0.0\fdc27dd047d592fa41d2dfa21e7621287a361612\kotlin-script-runtime-2.0.0.jar;C:\Users\maria\.gradle\caches\modules-2\files-2.1\org.jetbrains.kotlin\kotlin-reflect\1.6.10\1cbe9c92c12a94eea200d23c2bbaedaf3daf5132\kotlin-reflect-1.6.10.jar;C:\Users\maria\.gradle\caches\modules-2\files-2.1\org.jetbrains.kotlin\kotlin-daemon-embeddable\2.0.0\b39c612768614c4428c96ee9c65477181fffe9d\kotlin-daemon-embeddable-2.0.0.jar;C:\Users\maria\.gradle\caches\modules-2\files-2.1\org.jetbrains.intellij.deps\trove4j\1.0.20200330\3afb14d5f9ceb459d724e907a21145e8ff394f02\trove4j-1.0.20200330.jar;C:\Users\maria\.gradle\caches\modules-2\files-2.1\org.jetbrains\annotations\13.0\919f0dfe192fb4e063e7dacadee7f8bb9a2672a9\annotations-13.0.jar
Launcher Type: SUN_STANDARD

[Global flags]
     intx CICompilerCount                          = 4                                         {product} {ergonomic}
     uint ConcGCThreads                            = 2                                         {product} {ergonomic}
     uint G1ConcRefinementThreads                  = 8                                         {product} {ergonomic}
   size_t G1HeapRegionSize                         = 1048576                                   {product} {ergonomic}
    uintx GCDrainStackTargetSize                   = 64                                        {product} {ergonomic}
   size_t InitialHeapSize                          = 56623104                                  {product} {ergonomic}
   size_t MarkStackSize                            = 4194304                                   {product} {ergonomic}
   size_t MaxHeapSize                              = 899678208                                 {product} {ergonomic}
   size_t MaxNewSize                               = 538968064                                 {product} {ergonomic}
   size_t MinHeapDeltaBytes                        = 1048576                                   {product} {ergonomic}
   size_t MinHeapSize                              = 8388608                                   {product} {ergonomic}
    uintx NonNMethodCodeHeapSize                   = 5839372                                {pd product} {ergonomic}
    uintx NonProfiledCodeHeapSize                  = 122909434                              {pd product} {ergonomic}
    uintx ProfiledCodeHeapSize                     = 122909434                              {pd product} {ergonomic}
    uintx ReservedCodeCacheSize                    = 251658240                              {pd product} {ergonomic}
     bool SegmentedCodeCache                       = true                                      {product} {ergonomic}
   size_t SoftMaxHeapSize                          = 899678208                              {manageable} {ergonomic}
     bool UseCompressedClassPointers               = true                           {product lp64_product} {ergonomic}
     bool UseCompressedOops                        = true                           {product lp64_product} {ergonomic}
     bool UseG1GC                                  = true                                      {product} {ergonomic}
     bool UseLargePagesIndividualAllocation        = false                                  {pd product} {ergonomic}

Logging:
Log output configuration:
 #0: stdout all=warning uptime,level,tags
 #1: stderr all=off uptime,level,tags

Environment Variables:
PATH=C:\Program Files\Eclipse Adoptium\jdk-21.0.12.8-hotspot\bin;C:\WINDOWS\system32;C:\WINDOWS;C:\WINDOWS\System32\Wbem;C:\WINDOWS\System32\WindowsPowerShell\v1.0\;C:\WINDOWS\System32\OpenSSH\;C:\Program Files\dotnet\;C:\Program Files (x86)\Windows Kits\10\Windows Performance Toolkit\;C:\Program Files\Git\cmd;C:\Program Files (x86)\Microsoft SQL Server\160\Tools\Binn\;C:\Program Files\Microsoft SQL Server\160\Tools\Binn\;C:\Program Files\Microsoft SQL Server\Client SDK\ODBC\170\Tools\Binn\;C:\Program Files\Microsoft SQL Server\160\DTS\Binn\;C:\Users\maria\scoop\shims;C:\Users\maria\AppData\Local\Microsoft\WindowsApps;C:\Users\maria\.dotnet\tools
USERNAME=maria
OS=Windows_NT
PROCESSOR_IDENTIFIER=AMD64 Family 23 Model 104 Stepping 1, AuthenticAMD
TMP=C:\Users\maria\AppData\Local\Temp
TEMP=C:\Users\maria\AppData\Local\Temp



Periodic native trim disabled

JNI global refs:
JNI global refs: 10, weak refs: 3

JNI global refs memory usage: 843, weak refs: 841

Process memory usage:
Resident Set Size: 126124K (3% of 3512068K total physical memory with 12880K free physical memory)

OOME stack traces (most recent first):
Classloader memory used:
Loader jdk.internal.loader.ClassLoaders$AppClassLoader                                 : 1514K
Loader bootstrap                                                                       : 273K
Loader jdk.internal.reflect.DelegatingClassLoader                                      : 1267B


---------------  S Y S T E M  ---------------

OS:
 Windows 11 , 64 bit Build 26100 (10.0.26100.9444)
OS uptime: 1 days 19:16 hours
Hyper-V role detected

CPU: total 8 (initial active 8) (8 cores per cpu, 2 threads per core) family 23 model 104 stepping 1 microcode 0x8608109, cx8, cmov, fxsr, ht, mmx, 3dnowpref, sse, sse2, sse3, ssse3, sse4a, sse4.1, sse4.2, popcnt, lzcnt, tsc, tscinvbit, avx, avx2, aes, clmul, bmi1, bmi2, adx, sha, fma, vzeroupper, clflush, clflushopt, hv
Processor Information for all 8 processors :
  Max Mhz: 2600, Current Mhz: 1700, Mhz Limit: 2600

Memory: 4k page, system-wide physical 3429M (11M free)
TotalPageFile size 14181M (AvailPageFile size 2M)
current process WorkingSet (physical memory assigned to process): 123M, peak: 123M
current process commit charge ("private bytes"): 182M, peak: 186M

vm_info: OpenJDK 64-Bit Server VM (17.0.14+1-b1367.22) for windows-amd64 JRE (17.0.14+1-b1367.22), built on 2025-01-30 by "builduser" with MS VC++ 16.10 / 16.11 (VS2019)

END.
